Gg^Fms, Gg^Fms, Gg^Fms, Gg^Fms, Gg^Fms, Gg^Fms, Gg^Fms, Hh^Fms, Gg^Fms, Gg^Fms, Gll^Gvs, Gll^Gvs, Rb, Rb, Rb, Rb, Rb, Ww, Gg, Ww, Ww, Rb, Gs^Vh, Gg, Gg, Gg, Hh, Gg^Fms, Gg^Fms, Gg, Gg, Gg, Gg, Gg, Gg, Gg, Gg^Fms, Gg^Fms, Gs^Fms, Gs^Fms, Gs^Fms, Gs^Fms, Gs^Fms, Gs^Fms, Gs^Fms, Gs^Fms, Gs^Fms, Hh^Fms, Hh^Fms, Hh^Fms, Hh^Fms
Hh^Fms, Hh^Fms, Hh, Hh^Fms, Hh^Fms, Gg^Fms, Gg^Fms, Gg^Fms, Gg^Fms, Gg^Fms, Gll^Gvs, Rb, Hh, Rb, Hh, Hh, Hh, Rb, Rb, Gg, Ch, Ww^Bsb|, Ww, Gg, Gg, Gg, Gg^Fms, Hh^Fms, Gg^Fms, Gg^Fms, Gg, Gg, Gg, Gg, Gg^Fms, Gg^Fms, Gg^Fms, Gg^Fms, Gs^Fms, Gs^Fms, Gs^Fms, Gs^Fms, Gs^Fms, Gs^Fms, Ss, Gs^Fms, Gs^Fms, Hh^Fms, Hh^Fms, Hh^Fms, Hh^Fms
Hh^Fms, Hh^Fms, Mm, Mm, Hh^Fms, Gg^Fms, Gg^Fms, Gll^Gvs, Gll^Gvs, Gll^Gvs, Gll^Gvs, Rb, Hh, Hh, Mm, Mm, Hh, Hh, Rb, Ch, Ch, Rb, Ww, Gg, Gg, Gg, Gg, Hh^Fms, Gg^Fms, Gg^Fms, Gg, Gg, Gg^Fms, Gg^Fms, Gg^Fms, Gg^Fms, Gg^Fms, Gg^Fms, Gs^Fms, Gs^Fms, Gs^Fms, Gs^Fms, Gs^Fms, Gs^Fms, Hh^Fms, Ss, Ss, Ss^Vhs, Gs^Fms, Hh^Fms, Hh^Fms
Hh^Fms, Hh^Fms, Mm, Mm, Hh^Fms, Gg^Fms, Gg^Fms, Gll^Gvs, Gll^Gvs, Gll^Gvs, Gll^Vwm, Rb, Hh, Hh, Mm, Mm, Mm, Hh, Gg, Rb, Rb, Rb, Ww, Ww, Gg, Gg, Gg, Gg, Gg, Gg, Gg^Fms, Gg^Fms, Gg^Fms, Gg^Fms, Gg^Fms, Gg^Fms, Ss, Gg^Fms, Gs^Fms, Gs^Fms, Gg^Efm, Gs^Fms, Ss, Hh^Fms, Hh^Fms, Hh^Fms, Ss, Ss, Hh^Fms, Hh^Fms, Gs^Fms
Gg^Fms, Hh^Fms, Hh^Fms, Hh^Fms, Gg^Fms, Gg^Fms, Gg^Fms, Gll^Gvs, Gll^Gvs, Gll^Gvs, Gll^Gvs, Hh, Hh, Mm, Mm, Mm, Hh, Hh, Gg, Gs^Vh, Rb, Ww, Gg, Gg, Gg, Gg, Gg, Gg, Gg, Gg, Gg^Fms, Gg^Fms, Gg^Fms, Gg^Fms, Ss, Ss, Ss, Ss, Gs^Fms, Gg^Efm, Gg^Efm, Gs^Fms, Ss, Gs^Fms, Ss, Ce, 3 Ket, Ce, Ce, Hh^Fms, Gs^Fms
Gg^Fms, Gg^Fms, Gg^Fms, Gg^Fms, Gg^Fms, Gg^Fms, Gll^Gvs, Gll^Gvs, Gll^Gvs, Gll^Gvs, Gll^Gvs, Hh, Hh, Mm, Mm, Mm, Hh, Hh, Ww, Ww, Ww^Bsb|, Ww, Gg, Gg, Gg, Gg, Gg, Gg, Gg, Gg, Gs^Vl, Gg^Fms, Gg^Fms, Gg^Fms, Ss, Ss, Ss, Ss, Gs^Fms, Gg^Efm, Gg^Efm, Ss, Ss, Ss^Vm, Ss, Ce, Ce, Ce, Rb, Gs^Fms, Rb
Gg^Fms, Gg^Fms, Gg^Fms, Gg^Fms, Gg^Fms, Gg^Fms, Gll^Gvs, Gll^Gvs, Gll^Gvs, Gll^Gvs, Gll^Gvs, Gll^Gvs, Hh, Mm, Mm, Mm, Hh, Ww, Wo, Wo, Rb, Gg^Efm, Hh^Fms, Gg, Gg, Gg, Gg, Gg, Gg^Fms, Gg^Fms, Ss, Gg^Fms, Gg^Fms, Gg^Fms, Gg^Fms, Ss, Gg^Fms, Gg^Fms, Ss, Ss, Gg^Efm, Ss, Gs^Fms, Ss, Rb, Rb, Rb, Ss^Bw/r, Ss, Rb, Gs^Fms
Gg^Fms, Gg^Fms, Gg^Fms, Gg^Fms, Gll^Vwm, Gll^Gvs, Gll^Gvs, Gll^Gvs, Gll^Gvs, Gll^Gvs, Gll^Gvs, Gll^Gvs, Gll^Gvs, Hh, Hh, Hh, Ww, Ww, Rb, Rb, Gg^Efm, Gg^Efm, Hh^Fms, Hh^Fms, Hh^Fms, Hh^Fms, Hh^Fms, Hh^Fms, Gg^Fms, Gg^Fms, Gg^Fms, Ss, Ss, Ss, Ss, Ss, Ss, Ss, Ss, Gg^Efm, Rb, Rb, Rb, Ss^Bw/r, Ss, Hh^Fms, Hh^Fms, Hh^Fms, Gs^Fms, Gs^Fms, Gs^Fms
Gg^Fms, Gg^Fms, Gg^Fms, Gg^Fms, Gll^Gvs, Gll^Gvs, Ww, Gll^Gvs, Ww, Gll^Gvs, Ww, Ww, Gll^Gvs, Gll^Gvs, Ww, Ww, Rb, Rb, Gg^Efm, Gg^Efm, Gg^Efm, Gg^Efm, Hh^Fms, Mm^Fms, Mm, Mm^Fms, Mm, Hh^Fms, Gg^Fms, Gg^Fms, Ss, Gg^Fms, Gs^Fms, Gs^Fms, Gs^Fms, Ss, Gs^Fms, Gs^Fms, Rb, Rb, Ss, Ss, Ss, Gs^Fms, Gs^Fms, Gs^Fms, Gs^Fms, Gs^Fms, Gs^Fms, Gs^Fms, Gs^Fms
Gg^Fms, Gg^Fms, Gg^Fms, Gll^Gvs, Gll^Gvs, Ww, Wo, Ww, Rr, Ww, Rr, Ww, Ww, Ww, Wo, Wo, Rb, Gg^Efm, Gg^Efm, Gg^Efm, Gg^Efm, Hh^Fms, Hh^Fms, Mm^Fms, Mm, Mm, Hh^Fms, Hh^Fms, Ss, Gg^Fms, Ss, Ss, Hh^Fms, Hh^Fms, Hh^Fms, Hh^Fms, Gs^Fms, Rb, Gs^Fms, Ss^Vhs, Gs^Fms, Gs^Fms, Ss, Gs^Fms, Gs^Fms, Gs^Fms, Ss, Gs^Fms, Gs^Fms, Gs^Fms, Gs^Fms
Gg^Fms, Gg^Fms, Wo, Ww, Ww, Ww, Rr^Vhc, Chw, Rr, Rr, Rr^Vhc, Rr, Rr, Chw, Rr, Rr, Ch, Ww, Gg^Efm, Gg^Efm, Ds, Hh^Fms, Hh, Mm^Fms, Mm, Hh, Hh^Fms, Hh^Fms, Ss, Ss, Ss, Hh^Fms, Hh^Fms, Gs^Fms, Hh^Fms, Hh^Fms, Hh^Fms, Rb, Rb, Gs^Fms, Gs^Fms, Gs^Fms, Ss, Ss, Ss, Ss, Ss, Gs^Fms, Gs^Fms, Gs^Fms, Gs^Fms
Ww, Ww, Wo, Wo, Hh^Fms, Hh^Fms, Hh^Fms, Hh^Fms, Rr, Rr, Rr, Rr, Rr, Rr, Rr, Rr, Ww, Ww, Gg^Efm, Ds, Wwf, Wwf, Wwf, Mm, Ww, Mm, Mm, Hh^Fms, Hh^Fms, Ss, Hh^Fms, Ss, Ss, Hh^Fms, Hh^Fms, Hh^Fms, Gs^Fms, Rb, Gs^Fms, Gs^Fms, Ss, Ss, Gs^Fms, Ss, Gs^Fms, Ss, Gs^Fms, Gs^Fms, Gs^Fms, Gs^Fms, Gs^Fms
Ww, Wo, Hh^Fms, Hh^Fms, Hh^Fms, Hh^Fms, Mm, Hh^Fms, Hh^Fms, Rr, Rr, Rr, Rr, Rr, Rr, Rr, Rr, Ww, Gg^Efm, Ds, Wwf, Wwf, Ww, Ww, Ww, Hh^Fms, Hh^Fms, Hh^Fms, Hh^Fms, Gg^Fms, Hh^Fms, Hh^Fms, Ss, Chs, Hh^Fms, Hh^Fms, Gs^Fms, Rb, Gs^Fms, Ss, Gs^Fms, Gs^Fms, Gs^Fms, Ss, Gs^Fms, Ss, Ss, Gs^Fms, Gs^Fms, Gs^Fms, Gs^Fms
Ww, Hh^Fms, Mm, Hh^Fms, Mm, Mm, Mm, Hh^Fms, Rr^Vhc, Rr, Rr, Rr, Rr, Rr, Rr, Rr^Vhc, Ch, Ww, Ds, Ds, Wwf, Ww, Wo, Ww, Gg^Fms, Gg^Fms, Gg^Fms, Gg^Fms, Gg^Fms, Gg^Fms, Hh^Fms, Hh^Fms, Ss, Chs, Hh^Fms, Hh^Fms, Gs^Fms, Rb, Gs^Fms, Gs^Fms, Gs^Fms, Gs^Fms, Gs^Fms, Ss, Gs^Fms, Gs^Fms, Ss, Gs^Fms, Gs^Fms, Gs^Fms, Gs^Fms
Gg^Fms, Hh^Fms, Mm, Mm, Mm, Mm, Mm^Fms, Hh^Fms, Hh^Fms, Rr, Ch, Rr, Rr, Rr, Rr, Ch, Ch, Ww, Wwf, Wwf, Wwf, Ww, Ww, Ww, Gg^Fms, Gg^Fms, Gg^Fms, Gg^Fms, Hh^Fms, Hh^Fms, Hh^Fms, Ss, Ss, Hh^Fms, Hh^Fms, Hh^Fms, Hh^Fms, Rb, Gs^Fms, Gs^Fms, Gs^Fms, Gs^Fms, Ss, Ss, Gs^Fms, Gs^Fms, Gs^Fms, Ss, Ss, Gs^Fms, Gs^Fms
Hh^Fms, Hh^Fms, Mm^Fms, Mm, Mm^Fms, Mm^Fms, Hh^Fms, Hh^Fms, Rr^Vhc, Ch, 1 Kh, Ch, Rr^Vhc, Rr, Rb, Rr^Vhc, Ch, Wwf, Wwf, Wwf, Wwf, Ww, Gs^Fms, Gg^Fms, Gs^Fms, Gg^Fms, Hh^Fms, Hh^Fms, Gs^Fms, Hh^Fms, Ss^Vhs, Ss, Ss, Ss, Hh^Fms, Hh^Fms, Hh^Fms, Rb, Gs^Fms, Gs^Fms, Gs^Fms, Gs^Fms, Gs^Fms, Gs^Fms, Gs^Fms, Gs^Fms, Hh^Fms, Gs^Fms, Gs^Fms, Gs^Fms, Gs^Fms
Hh^Fms, Hh^Fms, Hh^Fms, Hh^Fms, Hh^Fms, Hh^Fms, Gs^Fms, Ch, Ch, Ch, Gs^Fms, Ch, Ch, Ch, Rb, Ch, Gs^Fms, Gs^Fms, Gs^Fms, Gs^Fms, Gs^Fms, Wwf, Gs^Fms, Gs^Fms, Gs^Fms, Hh^Fms, Hh^Fms, Gs^Fms, Hh^Fms, Hh^Fms, Ss, Ss, Hh^Fms, Gs^Fms, Hh^Fms, Hh^Fms, Rb, Rb, Gs^Fms, Gs^Fms, Wwf, Wwf, Wwf, Gs^Fms, Hh, Gs^Fms, Hh^Fms, Hh^Fms, Gs^Fms, Gs^Fms, Gs^Fms
Gg^Fms, Hh^Fms, Hh^Fms, Hh^Fms, Hh^Fms, Gs^Fms, Gs^Fms, Gs^Fms, Gs^Fms, Gs^Fms, Gs^Fms, Gs^Fms, Gs^Fms, Rb, Rb, Rb, Gs^Fms, Gs^Fms, Gs^Fms, Gs^Fms, Gs^Fms, Gs^Fms, Gs^Fms, Gs^Fms, Gs^Fms, Gs^Fms, Gs^Fms, Hh^Fms, Hh^Fms, Hh^Fms, Hh^Fms, Ss, Ss, Hh^Fms, Hh^Fms, Hh^Fms, Rb, Rb, Gs^Fms, Gs^Fms, Gs^Fms, Wwf, Wwf, Hh^Fms, Mm, Mm, Mm^Fms, Hh^Fms, Hh^Fms, Gs^Fms, Gs^Fms
Gs^Fms, Gs^Fms, Gs^Fms, Hh^Fms, Hh^Fms, Gs^Fms, Gs^Fms, Gs^Fms, Gs^Fms, Gs^Fms, Gs^Fms, Gs^Fms, Gs^Fms, Gs^Fms, Rb, Gs^Fms, Gg, Gs^Fms, Gs^Fms, Gs^Fms, Gg, Gg, Gg, Gs^Fms, Gs^Fms, Gs^Fms, Hh^Fms, Gs^Fms, Gg, Gs^Fms, Gs^Fms, Gs^Fms, Gs^Fms, Gs^Fms, Rb, Rb, Rb, Gg, Gg, Hh^Fms, Gg, Wwf, Wwf, Hh^Fms, Mm, Mm, Mm, Hh^Fms, Hh^Fms, Hh^Fms, Gs^Fms
Gs^Fms, Gs^Fms, Gs^Fms, Hh^Fms, Hh^Fms, Gs^Fms, Gs^Fms, Gs^Fms, Gs^Fms, Gs^Fms, Gs^Fms, Gs^Fms, Gs^Fms, Gs^Fms, Rb, Gg, Rb, Gg, Gg, Gg, Gg, Gg, Gg, Gg, Gg, Hh^Fms, Gg, Gg, Gg, Gg, Gg, Gg, Rb, Gs^Fms, Rb, Rb, Gg, Hh^Fms, Gg, Gg, Gg, Gg, Gg, Hh^Fms, Hh^Fms, Mm^Vhhr, Ce, Hh^Fms, Gs^Fms, Hh^Fms, Gs^Fms
Gs^Fms, Gs^Fms, Hh^Fms, Hh^Fms, Mm, Hh^Fms, Hh^Fms, Hh^Fms, Hh^Fms, Gs^Fms, Gs^Fms, Gs^Fms, Gs^Fms, Gs^Fms, Rb, Rb, Gs^Fms, Rb, Rb, Rb, Rb, Rb, Rb, Hh^Fms, Rb, Gg, Gg, Gg, Gg, Gg, Rb, Rb, Gs^Fms, Rb, Ss, Gg, Gs^Fms, Gg, Gg, Gg, Gg, Gg, Gg, Ce, Ce, Ce, 2 Ket, Gs^Fms, Gs^Fms, Gs^Fms, Gs^Fms
Gs^Fms, Gs^Fms, Hh^Fms, Mm, Mm, Mm, Mm, Hh^Fms, Gs^Fms, Gs^Fms, Gs^Fms, Gs^Fms, Gs^Fms, Rb, Gs^Fms, Gs^Fms, Gs^Fms, Gs^Fms, Hh^Fms, Hh^Fms, Hh^Fms, Gg, Gs^Fms, Rb, Rb, Rb, Rb, Rb, Rb, Rb, Rb, Gg, Gg, Ss, Gg, Gg, Gg, Gg, Gs^Vh, Gg, Rb, Gg, Gg, Ce, Gg, Ce, Ce, Gs^Fms, Gs^Fms, Gs^Fms, Rb
Gs^Fms, Gs^Fms, Gs^Fms, Hh^Fms, Hh^Fms, Mm, Mm, Mm^Fms, Gs^Fms, Gs^Fms, Gs^Fms, Gs^Fms, Gs^Fms, Rb, Gs^Fms, Gs^Fms, Gs^Fms, Gs^Fms, Gs^Fms, Hh^Fms, Gs^Fms, Gs^Fms, Ss, Ss, Gs^Fms, Gg, Gs^Fms, Gg, Gs^Vc, Gg, Gg, Rb, Rb, Rb, Rb, Rb, Rb, Rb, Rb, Rb, Wwf, Rb, Rb, Rb, Rb, Rb, Rb, Rb, Rb, Rb, Gs^Fms
Gs^Fms, Gs^Fms, Gs^Fms, Gs^Fms, Hh^Fms, Hh^Fms, Hh^Fms, Gs^Fms, Gs^Fms, Gs^Fms, Gs^Fms, Gs^Fms, Gs^Fms, Rb, Gs^Fms, Gs^Fms, Gs^Fms, Ss, Hh, Hh^Fms, Hh^Fms, Gs^Fms, Ss, Ss, Gs^Fms, Ss, Ss, Gs^Fms, Ss, Ss, Ss, Gg, Hh, Gg, Gg, Gg, Gg, Gg, Gg, Wwf, Ww, Wwf, Wwf, Gg, Gg, Gg, Gg, Gs^Fms, Gs^Fms, Gs^Fms, Gs^Fms
Gs^Fms, Gs^Fms, Gs^Fms, Gs^Fms, Hh^Fms, Hh^Fms, Hh^Fms, Hh^Fms, Gs^Fms, Gs^Fms, Gs^Fms, Gs^Fms, Rb, Rb, Rr^Vhc, Gs^Fms, Gs^Fms, Hh, Hh, Hh, Ss, Ss, Ss, Ss, Ss, Ss, Ss, Gs^Fms, Ss, Ss, Hh, Ss, Hh, Gg, Gs^Fms, Gg, Ss, Ss, Wwf, Ww, Wo, Ww, Ww, Wwf, Gg, Gg, Gs^Fms, Gs^Fms, Ss, Ss, Gs^Fms
Gs^Fms, Gs^Fms, Gs^Fms, Gs^Fms, Hh^Fms, Hh^Fms, Hh^Fms, Hh^Fms, Hh^Fms, Gs^Fms, Gs^Fms, Rb, Ch, 4 Kh, Ch, Ch, Gs^Fms, Hh, Hh, Gs^Fms, Gs^Fms, Gs^Fms, Ss, Ss, Hh, Ss, Hh, Ss, Ss, Hh, Hh, Hh, Gs^Fms, Hh^Fms, Hh^Fms, Gs^Fms, Gs^Fms, Wwf, Wwf, Ww, Ww, Ww, Wwf, Wwf, Gg, Gg, Gs^Vl, Gs^Fms, Ss, Gs^Fms, Gs^Fms
Gs^Fms, Gs^Fms, Gs^Fms, Gs^Fms, Gs^Fms, Hh^Fms, Hh^Fms, Hh^Fms, Gs^Fms, Gs^Fms, Gs^Fms, Rb, Gs^Fms, Rr^Vhc, Gs^Fms, Gs^Fms, Gs^Fms, Ss, Ss, Hh, Hh, Hh, Hh^Fms, Hh^Fms, Gs^Fms, Hh, Ss, Hh, Hh^Fms, Hh, Gs^Fms, Gs^Fms, Gs^Fms, Hh^Fms, Gs^Fms, Hh^Fms, Hh^Fms, Wwf, Hh^Fms, Wwf, Hh^Fms, Wwf, Gs^Fms, Gs^Fms, Gs^Fms, Gs^Fms, Gs^Fms, Ss, Gs^Fms, Gs^Fms, Gs^Fms
Gs^Fms, Gs^Fms, Gs^Fms, Gs^Fms, Gs^Fms, Hh^Fms, Hh^Fms, Gs^Fms, Gs^Fms, Gs^Fms, Rb, Rb, Gs^Fms, Gs^Fms, Gs^Fms, Gs^Fms, Gs^Fms, Gs^Fms, Gs^Fms, Gs^Fms, Gs^Fms, Gs^Fms, Gs^Fms, Gs^Fms, Gs^Fms, Gs^Fms, Gs^Fms, Gs^Fms, Gs^Fms, Gs^Fms, Gs^Fms, Gs^Fms, Gs^Fms, Gs^Fms, Gs^Fms, Gs^Fms, Gs^Fms, Hh^Fms, Hh^Fms, Hh^Fms, Gs^Fms, Hh^Fms, Gs^Fms, Gs^Fms, Gs^Fms, Gs^Fms, Gs^Fms, Gs^Fms, Gs^Fms, Gs^Fms, Gs^Fms
